---
source: tests/generation.rs
expression: generated
---
#[minwin]
mod enums {
    pub type WIN32_ERROR = u32;
    pub const ERROR_OUTOFMEMORY: WIN32_ERROR = 14;
    pub type DUPLICATE_HANDLE_OPTIONS = u32;
    pub const DUPLICATE_CLOSE_SOURCE: DUPLICATE_HANDLE_OPTIONS = 1;
    pub const DUPLICATE_SAME_ACCESS: DUPLICATE_HANDLE_OPTIONS = 2;
    pub type FILE_NOTIFY_CHANGE = u32;
    pub const FILE_NOTIFY_CHANGE_FILE_NAME: FILE_NOTIFY_CHANGE = 1;
    pub const FILE_NOTIFY_CHANGE_SIZE: FILE_NOTIFY_CHANGE = 8;
    pub const FILE_NOTIFY_CHANGE_LAST_WRITE: FILE_NOTIFY_CHANGE = 16;
    #[link(name = "kernel32")]
    extern "system" {
        pub fn GetLastError() -> WIN32_ERROR;
    }
}

