---
source: tests/generation.rs
expression: generated
---
#[minwin]
mod bindings {
    pub type BOOL = i32;
    pub type HANDLE = isize;
    #[repr(C)]
    pub struct OVERLAPPED_0_0 {
        pub Offset: u32,
        pub OffsetHigh: u32,
    }
    #[repr(C)]
    pub union OVERLAPPED_0 {
        pub Anonymous: std::mem::ManuallyDrop<OVERLAPPED_0_0>,
        pub Pointer: *mut std::ffi::c_void,
    }
    #[repr(C)]
    pub struct OVERLAPPED {
        pub Internal: usize,
        pub InternalHigh: usize,
        pub Anonymous: OVERLAPPED_0,
        pub hEvent: HANDLE,
    }
    pub type LPOVERLAPPED_COMPLETION_ROUTINE = Option<
        unsafe extern "system" fn(
            dwErrorCode: u32,
            dwNumberOfBytesTransfered: u32,
            lpOverlapped: *mut OVERLAPPED,
        ),
    >;
    #[link(name = "kernel32")]
    extern "system" {
        pub fn BindIoCompletionCallback(
            FileHandle: HANDLE,
            Function: LPOVERLAPPED_COMPLETION_ROUTINE,
            Flags: u32,
        ) -> BOOL;
    }
}

