---
source: tests/generation.rs
expression: generated
---
#[minwin]
mod enums {
    pub type WIN32_ERROR = u32;
    pub const ERROR_OUTOFMEMORY: WIN32_ERROR = 14;
    pub type DUPLICATE_HANDLE_OPTIONS = u32;
    pub const DUPLICATE_CLOSE_SOURCE: DUPLICATE_HANDLE_OPTIONS = 1;
    pub const DUPLICATE_SAME_ACCESS: DUPLICATE_HANDLE_OPTIONS = 2;
    pub type FILE_NOTIFY_CHANGE = u32;
    pub const FILE_NOTIFY_CHANGE_FILE_NAME: FILE_NOTIFY_CHANGE = 1;
    pub const FILE_NOTIFY_CHANGE_SIZE: FILE_NOTIFY_CHANGE = 8;
    pub const FILE_NOTIFY_CHANGE_LAST_WRITE: FILE_NOTIFY_CHANGE = 16;
    pub type ALG = u32;
    pub const ALG_CLASS_ANY: ALG = 0;
    pub const ALG_CLASS_SIGNATURE: ALG = 8192;
    pub const ALG_CLASS_MSG_ENCRYPT: ALG = 16384;
    pub const ALG_CLASS_DATA_ENCRYPT: ALG = 24576;
    pub const ALG_CLASS_HASH: ALG = 32768;
    pub const ALG_CLASS_KEY_EXCHANGE: ALG = 40960;
    pub const ALG_CLASS_ALL: ALG = 57344;
    pub const ALG_TYPE_ANY: ALG = 0;
    pub const ALG_TYPE_DSS: ALG = 512;
    pub const ALG_TYPE_RSA: ALG = 1024;
    pub const ALG_TYPE_BLOCK: ALG = 1536;
    pub const ALG_TYPE_STREAM: ALG = 2048;
    pub const ALG_TYPE_DH: ALG = 2560;
    pub const ALG_TYPE_SECURECHANNEL: ALG = 3072;
    pub const ALG_TYPE_ECDH: ALG = 3584;
    pub const ALG_TYPE_THIRDPARTY: ALG = 4096;
    pub const ALG_SID_ANY: ALG = 0;
    pub const ALG_SID_THIRDPARTY_ANY: ALG = 0;
    pub const ALG_SID_RSA_ANY: ALG = 0;
    pub const ALG_SID_RSA_PKCS: ALG = 1;
    pub const ALG_SID_RSA_MSATWORK: ALG = 2;
    pub const ALG_SID_RSA_ENTRUST: ALG = 3;
    pub const ALG_SID_RSA_PGP: ALG = 4;
    pub const ALG_SID_DSS_ANY: ALG = 0;
    pub const ALG_SID_DSS_PKCS: ALG = 1;
    pub const ALG_SID_DSS_DMS: ALG = 2;
    pub const ALG_SID_ECDSA: ALG = 3;
    pub const ALG_SID_DES: ALG = 1;
    pub const ALG_SID_3DES: ALG = 3;
    pub const ALG_SID_DESX: ALG = 4;
    pub const ALG_SID_IDEA: ALG = 5;
    pub const ALG_SID_CAST: ALG = 6;
    pub const ALG_SID_SAFERSK64: ALG = 7;
    pub const ALG_SID_SAFERSK128: ALG = 8;
    pub const ALG_SID_3DES_112: ALG = 9;
    pub const ALG_SID_CYLINK_MEK: ALG = 12;
    pub const ALG_SID_RC5: ALG = 13;
    pub const ALG_SID_AES_128: ALG = 14;
    pub const ALG_SID_AES_192: ALG = 15;
    pub const ALG_SID_AES_256: ALG = 16;
    pub const ALG_SID_AES: ALG = 17;
    pub const ALG_SID_SKIPJACK: ALG = 10;
    pub const ALG_SID_TEK: ALG = 11;
    pub const ALG_SID_RC2: ALG = 2;
    pub const ALG_SID_RC4: ALG = 1;
    pub const ALG_SID_SEAL: ALG = 2;
    pub const ALG_SID_DH_SANDF: ALG = 1;
    pub const ALG_SID_DH_EPHEM: ALG = 2;
    pub const ALG_SID_AGREED_KEY_ANY: ALG = 3;
    pub const ALG_SID_KEA: ALG = 4;
    pub const ALG_SID_ECDH: ALG = 5;
    pub const ALG_SID_ECDH_EPHEM: ALG = 6;
    pub const ALG_SID_MD2: ALG = 1;
    pub const ALG_SID_MD4: ALG = 2;
    pub const ALG_SID_MD5: ALG = 3;
    pub const ALG_SID_SHA: ALG = 4;
    pub const ALG_SID_SHA1: ALG = 4;
    pub const ALG_SID_MAC: ALG = 5;
    pub const ALG_SID_RIPEMD: ALG = 6;
    pub const ALG_SID_RIPEMD160: ALG = 7;
    pub const ALG_SID_SSL3SHAMD5: ALG = 8;
    pub const ALG_SID_HMAC: ALG = 9;
    pub const ALG_SID_TLS1PRF: ALG = 10;
    pub const ALG_SID_HASH_REPLACE_OWF: ALG = 11;
    pub const ALG_SID_SHA_256: ALG = 12;
    pub const ALG_SID_SHA_384: ALG = 13;
    pub const ALG_SID_SHA_512: ALG = 14;
    pub const ALG_SID_SSL3_MASTER: ALG = 1;
    pub const ALG_SID_SCHANNEL_MASTER_HASH: ALG = 2;
    pub const ALG_SID_SCHANNEL_MAC_KEY: ALG = 3;
    pub const ALG_SID_PCT1_MASTER: ALG = 4;
    pub const ALG_SID_SSL2_MASTER: ALG = 5;
    pub const ALG_SID_TLS1_MASTER: ALG = 6;
    pub const ALG_SID_SCHANNEL_ENC_KEY: ALG = 7;
    pub const ALG_SID_ECMQV: ALG = 1;
    pub const ALG_SID_EXAMPLE: ALG = 80;
    #[link(name = "kernel32")]
    extern "system" {
        pub fn GetLastError() -> WIN32_ERROR;
    }
}

