---
source: tests/parsing.rs
expression: actual
---
tests/data/enums.rs
mod enums
    Enum WIN32_ERROR @ None
    Function GetLastError @ None
    Enum DUPLICATE_HANDLE_OPTIONS @ None
    Enum FILE_NOTIFY_CHANGE @ None
    Enum ALG_ @ Some(u!("Windows.Win32.Security.Cryptography"))
    Enum _PROP_ID @ Some(u!("Windows.Win32.Security.Cryptography"))

